Runde 1: elementweise Optimierung gestartet
circle: Δcx=0.000, Δcy=-0.500, Δsize=-161.000, Δr=-1.908
stem: Δcx=0.500, Δcy=2.000, Δsize=7.000, scale=1.049
Runde 1: Gesamtfehler=16.264
Nachkorrektur fokussiert auf Element: stem
Runde 2: elementweise Optimierung gestartet
circle: Δcx=0.500, Δcy=-3.500, Δsize=-126.000, Δr=-2.038
stem: Δcx=0.500, Δcy=1.000, Δsize=53.000, scale=1.504
Runde 2: Gesamtfehler=22.058
Nachkorrektur fokussiert auf Element: stem
Runde 3: elementweise Optimierung gestartet
circle: Δcx=0.500, Δcy=-1.500, Δsize=-80.000, Δr=-1.696
stem: Δcx=1.000, Δcy=0.000, Δsize=40.000, scale=1.225
Runde 3: Gesamtfehler=24.596
Nachkorrektur fokussiert auf Element: stem
Runde 4: elementweise Optimierung gestartet
circle: Δcx=0.500, Δcy=-0.500, Δsize=-50.000, Δr=-1.371
stem: Δcx=1.000, Δcy=0.000, Δsize=40.000, scale=1.183
Runde 4: Gesamtfehler=29.025
Nachkorrektur fokussiert auf Element: stem
